// Jest Snapshot v1, https://goo.gl/fbAQLP

exports[`Stock Match SnapShot 1`] = `
<div
  className="container-table-scores"
>
  <div
    className="table"
  >
    <table>
      <thead
        className="table-classroom-head"
      >
        <tr>
          <th
            className="column1"
          />
          <th
            className="column2"
          >
            John
          </th>
          <th
            className="column3"
          >
            Peter
          </th>
          <th
            className="column4"
          >
            Mark
          </th>
          <th
            className="column5"
          >
            Louis
          </th>
        </tr>
      </thead>
      <tbody
        className="table-body"
      >
        <tr
          className="row"
        >
          <td>
            Math
          </td>
          <td>
            <select
              className="combo"
              id={1}
              onChange={[Function]}
              presentation={1}
              student={1}
              value="/"
            >
              <option
                value=" "
              >
                 
              </option>
              <option
                value="/"
              >
                /
              </option>
              <option
                value="Íì•"
              >
                Íì•
              </option>
              <option
                value="êäÖ"
              >
                êäÖ
              </option>
            </select>
          </td>
          <td>
            <select
              className="combo"
              onChange={[Function]}
              presentation={1}
              student={2}
              value=""
            >
              <option
                value=" "
              >
                 
              </option>
              <option
                value="/"
              >
                /
              </option>
              <option
                value="Íì•"
              >
                Íì•
              </option>
              <option
                value="êäÖ"
              >
                êäÖ
              </option>
            </select>
          </td>
          <td>
            <select
              className="combo"
              id={3}
              onChange={[Function]}
              presentation={1}
              student={3}
              value="êäÖ"
            >
              <option
                value=" "
              >
                 
              </option>
              <option
                value="/"
              >
                /
              </option>
              <option
                value="Íì•"
              >
                Íì•
              </option>
              <option
                value="êäÖ"
              >
                êäÖ
              </option>
            </select>
          </td>
          <td>
            <select
              className="combo"
              onChange={[Function]}
              presentation={1}
              student={4}
              value=""
            >
              <option
                value=" "
              >
                 
              </option>
              <option
                value="/"
              >
                /
              </option>
              <option
                value="Íì•"
              >
                Íì•
              </option>
              <option
                value="êäÖ"
              >
                êäÖ
              </option>
            </select>
          </td>
        </tr>
        <tr
          className="row"
        >
          <td>
            Language
          </td>
          <td>
            <select
              className="combo"
              onChange={[Function]}
              presentation={2}
              student={1}
              value=""
            >
              <option
                value=" "
              >
                 
              </option>
              <option
                value="/"
              >
                /
              </option>
              <option
                value="Íì•"
              >
                Íì•
              </option>
              <option
                value="êäÖ"
              >
                êäÖ
              </option>
            </select>
          </td>
          <td>
            <select
              className="combo"
              id={4}
              onChange={[Function]}
              presentation={2}
              student={2}
              value=" "
            >
              <option
                value=" "
              >
                 
              </option>
              <option
                value="/"
              >
                /
              </option>
              <option
                value="Íì•"
              >
                Íì•
              </option>
              <option
                value="êäÖ"
              >
                êäÖ
              </option>
            </select>
          </td>
          <td>
            <select
              className="combo"
              onChange={[Function]}
              presentation={2}
              student={3}
              value=""
            >
              <option
                value=" "
              >
                 
              </option>
              <option
                value="/"
              >
                /
              </option>
              <option
                value="Íì•"
              >
                Íì•
              </option>
              <option
                value="êäÖ"
              >
                êäÖ
              </option>
            </select>
          </td>
          <td>
            <select
              className="combo"
              onChange={[Function]}
              presentation={2}
              student={4}
              value=""
            >
              <option
                value=" "
              >
                 
              </option>
              <option
                value="/"
              >
                /
              </option>
              <option
                value="Íì•"
              >
                Íì•
              </option>
              <option
                value="êäÖ"
              >
                êäÖ
              </option>
            </select>
          </td>
        </tr>
        <tr
          className="row"
        >
          <td>
            Science
          </td>
          <td>
            <select
              className="combo"
              onChange={[Function]}
              presentation={3}
              student={1}
              value=""
            >
              <option
                value=" "
              >
                 
              </option>
              <option
                value="/"
              >
                /
              </option>
              <option
                value="Íì•"
              >
                Íì•
              </option>
              <option
                value="êäÖ"
              >
                êäÖ
              </option>
            </select>
          </td>
          <td>
            <select
              className="combo"
              onChange={[Function]}
              presentation={3}
              student={2}
              value=""
            >
              <option
                value=" "
              >
                 
              </option>
              <option
                value="/"
              >
                /
              </option>
              <option
                value="Íì•"
              >
                Íì•
              </option>
              <option
                value="êäÖ"
              >
                êäÖ
              </option>
            </select>
          </td>
          <td>
            <select
              className="combo"
              onChange={[Function]}
              presentation={3}
              student={3}
              value=""
            >
              <option
                value=" "
              >
                 
              </option>
              <option
                value="/"
              >
                /
              </option>
              <option
                value="Íì•"
              >
                Íì•
              </option>
              <option
                value="êäÖ"
              >
                êäÖ
              </option>
            </select>
          </td>
          <td>
            <select
              className="combo"
              onChange={[Function]}
              presentation={3}
              student={4}
              value=""
            >
              <option
                value=" "
              >
                 
              </option>
              <option
                value="/"
              >
                /
              </option>
              <option
                value="Íì•"
              >
                Íì•
              </option>
              <option
                value="êäÖ"
              >
                êäÖ
              </option>
            </select>
          </td>
        </tr>
        <tr
          className="row"
        >
          <td>
            Spanish
          </td>
          <td>
            <select
              className="combo"
              onChange={[Function]}
              presentation={4}
              student={1}
              value=""
            >
              <option
                value=" "
              >
                 
              </option>
              <option
                value="/"
              >
                /
              </option>
              <option
                value="Íì•"
              >
                Íì•
              </option>
              <option
                value="êäÖ"
              >
                êäÖ
              </option>
            </select>
          </td>
          <td>
            <select
              className="combo"
              onChange={[Function]}
              presentation={4}
              student={2}
              value=""
            >
              <option
                value=" "
              >
                 
              </option>
              <option
                value="/"
              >
                /
              </option>
              <option
                value="Íì•"
              >
                Íì•
              </option>
              <option
                value="êäÖ"
              >
                êäÖ
              </option>
            </select>
          </td>
          <td>
            <select
              className="combo"
              onChange={[Function]}
              presentation={4}
              student={3}
              value=""
            >
              <option
                value=" "
              >
                 
              </option>
              <option
                value="/"
              >
                /
              </option>
              <option
                value="Íì•"
              >
                Íì•
              </option>
              <option
                value="êäÖ"
              >
                êäÖ
              </option>
            </select>
          </td>
          <td>
            <select
              className="combo"
              onChange={[Function]}
              presentation={4}
              student={4}
              value=""
            >
              <option
                value=" "
              >
                 
              </option>
              <option
                value="/"
              >
                /
              </option>
              <option
                value="Íì•"
              >
                Íì•
              </option>
              <option
                value="êäÖ"
              >
                êäÖ
              </option>
            </select>
          </td>
        </tr>
      </tbody>
    </table>
  </div>
</div>
`;
