// Jest Snapshot v1, https://goo.gl/fbAQLP

exports[`Table Match SnapShot 1`] = `
<div
  className="container-table"
/>
`;
